// Jest Snapshot v1, https://goo.gl/fbAQLP

exports[`Tests on <HookApp /> component should show correctly 1`] = `ShallowWrapper {}`;
